Running Gradle task 'assembleRelease'...                        
Font asset "MaterialIcons-Regular.otf" was tree-shaken, reducing it from 1645184 to 26932 bytes (98.4% reduction). Tree-shaking can be disabled by providing the --no-tree-shake-icons flag when building your app.
Running Gradle task 'assembleRelease'...                          356.6s
✓ Built build/app/outputs/flutter-apk/app-release.apk (26.9MB)
