  error • All final variables must be initialized, but 'followers' and 'following' aren't • lib/models/user_model.dart:75:3 • final_not_initialized_constructor
  error • The named parameter 'followers' isn't defined • lib/models/user_model.dart:185:7 • undefined_named_parameter
  error • The named parameter 'following' isn't defined • lib/models/user_model.dart:186:7 • undefined_named_parameter
  error • The type 'UserRole' isn't exhaustively matched by the switch cases since it doesn't match the pattern 'UserRole.admin' • lib/models/user_model.dart:450:7 • non_exhaustive_switch_statement
  error • The type 'UserRole' isn't exhaustively matched by the switch cases since it doesn't match the pattern 'UserRole.admin' • lib/models/user_model.dart:458:7 • non_exhaustive_switch_statement
  error • The type 'UserRole' isn't exhaustively matched by the switch cases since it doesn't match the pattern 'UserRole.admin' • lib/providers/auth_provider.dart:469:9 • non_exhaustive_switch_statement
  error • The argument type 'JobCategory?' can't be assigned to the parameter type 'String?'.  • lib/providers/job_provider.dart:51:17 • argument_type_not_assignable
  error • The named parameter 'minBudget' isn't defined • lib/providers/job_provider.dart:52:7 • undefined_named_parameter
  error • The named parameter 'maxBudget' isn't defined • lib/providers/job_provider.dart:53:7 • undefined_named_parameter
  error • The method 'getClientJobs' isn't defined for the type 'FirestoreService' • lib/providers/job_provider.dart:74:49 • undefined_method
  error • The method 'getFreelancerJobs' isn't defined for the type 'FirestoreService' • lib/providers/job_provider.dart:83:53 • undefined_method
  error • The method 'updateJob' isn't defined for the type 'FirestoreService' • lib/providers/job_provider.dart:198:33 • undefined_method
  error • The method 'updateJob' isn't defined for the type 'FirestoreService' • lib/providers/job_provider.dart:215:31 • undefined_method
  error • The method 'deleteJob' isn't defined for the type 'FirestoreService' • lib/providers/job_provider.dart:227:31 • undefined_method
  error • The method 'getJobProposals' isn't defined for the type 'FirestoreService' • lib/providers/job_provider.dart:262:48 • undefined_method
  error • The method 'getFreelancerProposals' isn't defined for the type 'FirestoreService' • lib/providers/job_provider.dart:270:23 • undefined_method
  error • The method 'completeJob' isn't defined for the type 'FirestoreService' • lib/providers/job_provider.dart:278:29 • undefined_method
  error • The method 'updateMilestones' isn't defined for the type 'FirestoreService' • lib/providers/job_provider.dart:288:29 • undefined_method
  error • The named parameter 'milestones' isn't defined • lib/providers/job_provider.dart:290:45 • undefined_named_parameter
  error • The method 'createProposal' isn't defined for the type 'FirestoreService' • lib/providers/job_provider.dart:328:31 • undefined_method
  error • The method 'acceptProposal' isn't defined for the type 'FirestoreService' • lib/providers/job_provider.dart:343:31 • undefined_method
  error • The method 'updateProposalStatus' isn't defined for the type 'FirestoreService' • lib/providers/job_provider.dart:355:31 • undefined_method
  error • The method 'getUserPayments' isn't defined for the type 'FirestoreService' • lib/providers/payment_provider.dart:41:47 • undefined_method
  error • The method 'getUserPayments' isn't defined for the type 'FirestoreService' • lib/providers/payment_provider.dart:58:47 • undefined_method
  error • The method 'updatePaymentStatus' isn't defined for the type 'FirestoreService' • lib/providers/payment_provider.dart:128:31 • undefined_method
  error • The method 'updatePaymentStatus' isn't defined for the type 'FirestoreService' • lib/providers/payment_provider.dart:167:31 • undefined_method
  error • The body might complete normally, causing 'null' to be returned, but the return type, 'List<UserModel>', is a potentially non-nullable type • lib/services/firestore/user_service.dart:188:25 • body_might_complete_normally
  error • Expected to find ';' • lib/services/firestore/user_service.dart:214:1 • expected_token
  error • Expected to find ')' • lib/services/firestore/user_service.dart:215:1 • expected_token
  error • Expected to find '}' • lib/services/firestore/user_service.dart:215:1 • expected_token
  error • The method 'deleteAllUserData' isn't defined for the type 'UserFirestoreService' • lib/services/firestore_service.dart:172:59 • undefined_method
  error • Target of URI doesn't exist: '../../widgets/buttons/gradient_button.dart' • lib/views/auth/identity_verification_screen.dart:12:8 • uri_does_not_exist
  error • Instance member 'uploadImage' can't be accessed using static access • lib/views/auth/profile_setup_screen.dart:399:53 • static_access_to_instance_member
  error • Target of URI doesn't exist: 'package:file_picker/file_picker.dart' • lib/views/chat/chat_screen.dart:6:8 • uri_does_not_exist
  error • Undefined name 'FilePicker' • lib/views/chat/chat_screen.dart:123:26 • undefined_identifier
  error • The name 'LoadingWidget' isn't a class • lib/views/chat/chat_screen.dart:258:25 • creation_with_non_type
  error • Invalid constant value • lib/views/jobs/active_job_tracking_screen.dart:36:49 • invalid_constant
  error • The method 'LoadingWidget' isn't defined for the type '_ActiveJobTrackingScreenState' • lib/views/jobs/active_job_tracking_screen.dart:36:49 • undefined_method
  error • The method 'deleteNotification' isn't defined for the type 'FirestoreService' • lib/views/notifications/notifications_screen.dart:436:32 • undefined_method
  error • The method 'getPost' isn't defined for the type 'FirestoreService' • lib/views/notifications/notifications_screen.dart:441:43 • undefined_method
  error • The method 'getContactLog' isn't defined for the type 'FirestoreService' • lib/views/notifications/notifications_screen.dart:503:49 • undefined_method
  error • The method 'toggleCommentLike' isn't defined for the type 'FirestoreService' • lib/views/posts/comments_sheet.dart:359:45 • undefined_method
  error • The method 'CachedNetworkImage' isn't defined for the type '_CreatePostScreenState' • lib/views/posts/create_post_screen.dart:717:9 • undefined_method
  error • Undefined name 'CloudinaryService' • lib/views/posts/create_post_screen.dart:718:21 • undefined_identifier
  error • Undefined class 'DiagnosticPropertiesBuilder' • lib/views/posts/create_post_screen.dart:742:28 • undefined_class
  error • The method 'DiagnosticsProperty' isn't defined for the type '_CreatePostScreenState' • lib/views/posts/create_post_screen.dart:744:20 • undefined_method
  error • The method 'incrementProfileViews' isn't defined for the type 'FirestoreService' • lib/views/profile/freelancer_profile_screen.dart:75:28 • undefined_method
  error • Undefined name 'locale' • lib/views/profile/freelancer_profile_screen.dart:414:35 • undefined_identifier
  error • Undefined name 'locale' • lib/views/profile/freelancer_profile_screen.dart:415:35 • undefined_identifier
  error • The method 'getFreelancerReviews' isn't defined for the type 'FirestoreService' • lib/views/profile/freelancer_profile_screen.dart:664:34 • undefined_method
  error • The method 'hasContactLog' isn't defined for the type 'FirestoreService' • lib/views/profile/freelancer_profile_screen.dart:685:49 • undefined_method
  error • The method 'createReview' isn't defined for the type 'FirestoreService' • lib/views/profile/freelancer_profile_screen.dart:753:38 • undefined_method
  error • The method 'getContactLog' isn't defined for the type 'FirestoreService' • lib/views/profile/freelancer_profile_screen.dart:756:57 • undefined_method
  error • The method 'markContactAsReviewed' isn't defined for the type 'FirestoreService' • lib/views/profile/freelancer_profile_screen.dart:758:40 • undefined_method
  error • The class 'EdgeInsets' doesn't have a constant constructor 'bottom' • lib/views/profile/freelancer_profile_screen.dart:1022:43 • const_with_undefined_constructor
  error • The class 'EdgeInsets' doesn't have a constant constructor 'bottom' • lib/views/profile/freelancer_profile_screen.dart:1044:32 • const_with_undefined_constructor
  error • The class '_ShopProfileScreenState' doesn't have an unnamed constructor • lib/views/profile/shop_profile_screen.dart:49:45 • new_with_undefined_constructor_default
  error • The method 'incrementProfileViews' isn't defined for the type 'FirestoreService' • lib/views/profile/shop_profile_screen.dart:74:28 • undefined_method
  error • The named parameter 'body' is required, but there's no corresponding argument • lib/views/profile/shop_profile_screen.dart:96:20 • missing_required_argument
  error • Undefined name 'children' • lib/views/profile/shop_profile_screen.dart:305:31 • undefined_identifier
  error • Expected to find ')' • lib/views/profile/shop_profile_screen.dart:305:39 • expected_token
  error • Expected to find ';' • lib/views/profile/shop_profile_screen.dart:365:22 • expected_token
  error • Expected to find ';' • lib/views/profile/shop_profile_screen.dart:366:19 • expected_token
  error • Expected to find ']' • lib/views/profile/shop_profile_screen.dart:366:19 • expected_token
  error • Expected to find '}' • lib/views/profile/shop_profile_screen.dart:366:19 • expected_token
  error • Expected an identifier • lib/views/profile/shop_profile_screen.dart:366:20 • missing_identifier
  error • Unexpected text ';' • lib/views/profile/shop_profile_screen.dart:366:20 • unexpected_token
  error • Expected to find ';' • lib/views/profile/shop_profile_screen.dart:383:19 • expected_token
  error • Expected an identifier • lib/views/profile/shop_profile_screen.dart:383:20 • missing_identifier
  error • Expected to find ';' • lib/views/profile/shop_profile_screen.dart:383:20 • expected_token
  error • Unexpected text ';' • lib/views/profile/shop_profile_screen.dart:383:20 • unexpected_token
  error • Expected an identifier • lib/views/profile/shop_profile_screen.dart:384:17 • missing_identifier
  error • Unexpected text ';' • lib/views/profile/shop_profile_screen.dart:384:17 • unexpected_token
  error • The named parameter 'body' isn't defined • lib/views/profile/shop_profile_screen.dart:386:15 • undefined_named_parameter
  error • Expected to find ')' • lib/views/profile/shop_profile_screen.dart:393:14 • expected_token
  error • Expected a class member • lib/views/profile/shop_profile_screen.dart:394:12 • expected_class_member
  error • Expected a class member • lib/views/profile/shop_profile_screen.dart:394:13 • expected_class_member
  error • Expected to find ';' • lib/views/profile/shop_profile_screen.dart:395:7 • expected_token
  error • Variables must be declared using the keywords 'const', 'final', 'var' or a type name • lib/views/profile/shop_profile_screen.dart:395:7 • missing_const_final_var_or_type
  error • Expected a class member • lib/views/profile/shop_profile_screen.dart:395:27 • expected_class_member
  error • Methods must have an explicit list of parameters • lib/views/profile/shop_profile_screen.dart:395:29 • missing_method_parameters
  error • Operator declarations must be preceded by the keyword 'operator' • lib/views/profile/shop_profile_screen.dart:395:29 • missing_keyword_operator
  error • The string '!' isn't a user-definable operator • lib/views/profile/shop_profile_screen.dart:395:29 • invalid_operator
  error • A function body must be provided • lib/views/profile/shop_profile_screen.dart:395:30 • missing_function_body
  error • Constructors can't have a return type • lib/views/profile/shop_profile_screen.dart:395:30 • constructor_with_return_type
  error • The name of a constructor must match the name of the enclosing class • lib/views/profile/shop_profile_screen.dart:395:44 • invalid_constructor_name
  error • Named parameters must be enclosed in curly braces ('{' and '}') • lib/views/profile/shop_profile_screen.dart:396:18 • named_parameter_outside_group
  error • Using a colon as the separator before a default value is no longer supported • lib/views/profile/shop_profile_screen.dart:396:18 • obsolete_colon_for_default_value
  error • The default value of an optional parameter must be constant • lib/views/profile/shop_profile_screen.dart:396:20 • non_constant_default_value
  error • Named parameters must be enclosed in curly braces ('{' and '}') • lib/views/profile/shop_profile_screen.dart:397:24 • named_parameter_outside_group
  error • Using a colon as the separator before a default value is no longer supported • lib/views/profile/shop_profile_screen.dart:397:24 • obsolete_colon_for_default_value
  error • Named parameters must be enclosed in curly braces ('{' and '}') • lib/views/profile/shop_profile_screen.dart:398:13 • named_parameter_outside_group
  error • Using a colon as the separator before a default value is no longer supported • lib/views/profile/shop_profile_screen.dart:398:13 • obsolete_colon_for_default_value
  error • Named parameters must be enclosed in curly braces ('{' and '}') • lib/views/profile/shop_profile_screen.dart:399:14 • named_parameter_outside_group
  error • Using a colon as the separator before a default value is no longer supported • lib/views/profile/shop_profile_screen.dart:399:14 • obsolete_colon_for_default_value
  error • The default value of an optional parameter must be constant • lib/views/profile/shop_profile_screen.dart:399:16 • non_constant_default_value
  error • Expected an initializer • lib/views/profile/shop_profile_screen.dart:403:9 • missing_initializer
  error • '' isn't a field in the enclosing class • lib/views/profile/shop_profile_screen.dart:403:11 • initializer_for_non_existent_field
  error • A function body must be provided • lib/views/profile/shop_profile_screen.dart:403:11 • missing_function_body
  error • Expected a class member • lib/views/profile/shop_profile_screen.dart:403:11 • expected_class_member
  error • Expected a class member • lib/views/profile/shop_profile_screen.dart:403:15 • expected_class_member
  error • Expected a class member • lib/views/profile/shop_profile_screen.dart:404:5 • expected_class_member
  error • Expected a class member • lib/views/profile/shop_profile_screen.dart:404:6 • expected_class_member
  error • Undefined name 'mounted' • lib/views/profile/shop_profile_screen.dart:457:39 • undefined_identifier
  error • Undefined name 'context' • lib/views/profile/shop_profile_screen.dart:475:38 • undefined_identifier
  error • Undefined name 'widget' • lib/views/profile/shop_profile_screen.dart:477:47 • undefined_identifier
  error • Undefined name 'widget' • lib/views/profile/shop_profile_screen.dart:500:19 • undefined_identifier
  error • Undefined name 'ClipAntiAlias' • lib/views/profile/shop_profile_screen.dart:544:31 • undefined_identifier
  error • Undefined name 'context' • lib/views/profile/shop_profile_screen.dart:603:38 • undefined_identifier
  error • Undefined name 'widget' • lib/views/profile/shop_profile_screen.dart:613:18 • undefined_identifier
  error • The method 'getFreelancerReviews' isn't defined for the type 'FirestoreService' • lib/views/profile/shop_profile_screen.dart:629:34 • undefined_method
  error • Undefined name 'widget' • lib/views/profile/shop_profile_screen.dart:630:11 • undefined_identifier
  error • Undefined name 'context' • lib/views/profile/shop_profile_screen.dart:653:38 • undefined_identifier
  error • Undefined name 'context' • lib/views/profile/shop_profile_screen.dart:654:25 • undefined_identifier
  error • Undefined name 'context' • lib/views/profile/shop_profile_screen.dart:656:28 • undefined_identifier
  error • The method 'hasContactLog' isn't defined for the type 'FirestoreService' • lib/views/profile/shop_profile_screen.dart:662:49 • undefined_method
  error • Undefined name 'widget' • lib/views/profile/shop_profile_screen.dart:664:7 • undefined_identifier
  error • Undefined name 'mounted' • lib/views/profile/shop_profile_screen.dart:668:12 • undefined_identifier
  error • Undefined name 'context' • lib/views/profile/shop_profile_screen.dart:669:24 • undefined_identifier
  error • Undefined name 'context' • lib/views/profile/shop_profile_screen.dart:671:18 • undefined_identifier
  error • Undefined name 'widget' • lib/views/profile/shop_profile_screen.dart:693:31 • undefined_identifier
  error • Undefined name 'widget' • lib/views/profile/shop_profile_screen.dart:693:61 • undefined_identifier
  error • Undefined name 'mounted' • lib/views/profile/shop_profile_screen.dart:707:10 • undefined_identifier
  error • Undefined name 'context' • lib/views/profile/shop_profile_screen.dart:709:16 • undefined_identifier
  error • Undefined name 'widget' • lib/views/profile/shop_profile_screen.dart:711:23 • undefined_identifier
  error • Invalid reference to 'this' expression • lib/views/profile/shop_profile_screen.dart:714:50 • invalid_reference_to_this
  error • Undefined name 'widget' • lib/views/profile/shop_profile_screen.dart:718:27 • undefined_identifier
  error • The method 'createReview' isn't defined for the type 'FirestoreService' • lib/views/profile/shop_profile_screen.dart:731:18 • undefined_method
  error • The method 'getContactLog' isn't defined for the type 'FirestoreService' • lib/views/profile/shop_profile_screen.dart:734:57 • undefined_method
  error • Undefined name 'widget' • lib/views/profile/shop_profile_screen.dart:734:87 • undefined_identifier
  error • The method 'markContactAsReviewed' isn't defined for the type 'FirestoreService' • lib/views/profile/shop_profile_screen.dart:736:40 • undefined_method
  error • The function 'setState' isn't defined • lib/views/profile/shop_profile_screen.dart:772:5 • undefined_function
  error • Undefined name '_isWhatsApping' • lib/views/profile/shop_profile_screen.dart:772:20 • undefined_identifier
  error • Undefined name 'context' • lib/views/profile/shop_profile_screen.dart:773:22 • undefined_identifier
  error • Undefined name 'context' • lib/views/profile/shop_profile_screen.dart:777:27 • undefined_identifier
  error • Undefined name 'widget' • lib/views/profile/shop_profile_screen.dart:778:52 • undefined_identifier
  error • Undefined name 'widget' • lib/views/profile/shop_profile_screen.dart:784:27 • undefined_identifier
  error • Undefined name 'widget' • lib/views/profile/shop_profile_screen.dart:785:29 • undefined_identifier
  error • Undefined name 'mounted' • lib/views/profile/shop_profile_screen.dart:821:11 • undefined_identifier
  error • The function 'setState' isn't defined • lib/views/profile/shop_profile_screen.dart:821:20 • undefined_function
  error • Undefined name '_isWhatsApping' • lib/views/profile/shop_profile_screen.dart:821:35 • undefined_identifier
  error • Undefined name 'widget' • lib/views/profile/shop_profile_screen.dart:837:15 • undefined_identifier
  error • Undefined name 'widget' • lib/views/profile/shop_profile_screen.dart:850:17 • undefined_identifier
  error • Undefined name 'widget' • lib/views/profile/shop_profile_screen.dart:856:17 • undefined_identifier
  error • Undefined name 'widget' • lib/views/profile/shop_profile_screen.dart:862:20 • undefined_identifier
  error • Undefined name 'widget' • lib/views/profile/shop_profile_screen.dart:862:85 • undefined_identifier
  error • Undefined name 'widget' • lib/views/profile/shop_profile_screen.dart:862:128 • undefined_identifier
  error • Undefined name 'widget' • lib/views/profile/shop_profile_screen.dart:862:184 • undefined_identifier
  error • Undefined name 'widget' • lib/views/profile/shop_profile_screen.dart:868:18 • undefined_identifier
  error • Undefined name 'widget' • lib/views/profile/shop_profile_screen.dart:869:25 • undefined_identifier
  error • Undefined name 'widget' • lib/views/profile/shop_profile_screen.dart:870:39 • undefined_identifier
  error • Undefined name 'widget' • lib/views/profile/shop_profile_screen.dart:870:78 • undefined_identifier
  error • The function 'setState' isn't defined • lib/views/profile/shop_profile_screen.dart:935:5 • undefined_function
  error • Undefined name '_isCalling' • lib/views/profile/shop_profile_screen.dart:935:20 • undefined_identifier
  error • Undefined name 'context' • lib/views/profile/shop_profile_screen.dart:939:27 • undefined_identifier
  error • Undefined name 'widget' • lib/views/profile/shop_profile_screen.dart:940:52 • undefined_identifier
  error • Undefined name 'widget' • lib/views/profile/shop_profile_screen.dart:946:27 • undefined_identifier
  error • Undefined name 'widget' • lib/views/profile/shop_profile_screen.dart:947:29 • undefined_identifier
  error • Undefined name 'mounted' • lib/views/profile/shop_profile_screen.dart:964:11 • undefined_identifier
  error • The function 'setState' isn't defined • lib/views/profile/shop_profile_screen.dart:964:20 • undefined_function
  error • Undefined name '_isCalling' • lib/views/profile/shop_profile_screen.dart:964:35 • undefined_identifier
  error • Undefined name 'context' • lib/views/profile/shop_profile_screen.dart:970:9 • undefined_identifier
  error • Undefined name 'context' • lib/views/profile/shop_profile_screen.dart:976:38 • undefined_identifier
  error • Undefined name 'widget' • lib/views/profile/shop_profile_screen.dart:978:10 • undefined_identifier
  error • Undefined name 'widget' • lib/views/profile/shop_profile_screen.dart:981:26 • undefined_identifier
  error • Undefined name 'widget' • lib/views/profile/shop_profile_screen.dart:981:54 • undefined_identifier
  error • Undefined name 'context' • lib/views/profile/shop_profile_screen.dart:988:16 • undefined_identifier
  error • Undefined name 'widget' • lib/views/profile/shop_profile_screen.dart:1011:32 • undefined_identifier
  error • Undefined name 'widget' • lib/views/profile/shop_profile_screen.dart:1012:32 • undefined_identifier
  error • Undefined name 'context' • lib/views/profile/shop_profile_screen.dart:1030:38 • undefined_identifier
  error • Undefined name 'mounted' • lib/views/profile/shop_profile_screen.dart:1037:10 • undefined_identifier
  error • Undefined name 'context' • lib/views/profile/shop_profile_screen.dart:1038:26 • undefined_identifier
  error • Undefined name 'widget' • lib/views/profile/shop_profile_screen.dart:1058:50 • undefined_identifier
  error • Undefined name 'widget' • lib/views/profile/shop_profile_screen.dart:1063:38 • undefined_identifier
  error • Undefined name 'mounted' • lib/views/profile/shop_profile_screen.dart:1066:12 • undefined_identifier
  error • Undefined name 'context' • lib/views/profile/shop_profile_screen.dart:1067:28 • undefined_identifier
  error • Undefined name 'context' • lib/views/profile/shop_profile_screen.dart:1074:7 • undefined_identifier
  error • Undefined name 'context' • lib/views/profile/shop_profile_screen.dart:1080:11 • undefined_identifier
  error • Undefined name 'widget' • lib/views/profile/shop_profile_screen.dart:1083:25 • undefined_identifier
  error • Undefined name 'widget' • lib/views/profile/shop_profile_screen.dart:1084:54 • undefined_identifier
  error • Undefined name 'widget' • lib/views/profile/shop_profile_screen.dart:1086:44 • undefined_identifier
  error • Undefined name 'mounted' • lib/views/profile/shop_profile_screen.dart:1089:12 • undefined_identifier
  error • Undefined name 'context' • lib/views/profile/shop_profile_screen.dart:1090:28 • undefined_identifier
  error • Expected a method, getter, setter or operator declaration • lib/views/profile/shop_profile_screen.dart:1096:1 • expected_executable
  error • Expected to find ']' • lib/views/requests/request_details_screen.dart:747:9 • expected_token
  error • Expected to find ';' • lib/views/requests/request_details_screen.dart:748:7 • expected_token
  error • Expected an identifier • lib/views/requests/request_details_screen.dart:748:8 • missing_identifier
  error • Expected to find ';' • lib/views/requests/request_details_screen.dart:748:8 • expected_token
  error • Unexpected text ';' • lib/views/requests/request_details_screen.dart:748:8 • unexpected_token
  error • Expected an identifier • lib/views/requests/request_details_screen.dart:749:5 • missing_identifier
  error • Unexpected text ';' • lib/views/requests/request_details_screen.dart:749:5 • unexpected_token
  error • The name 'LoadingWidget' isn't a class • lib/views/search/smart_search_delegate.dart:49:48 • creation_with_non_type
  error • The name 'LoadingWidget' isn't a class • lib/views/settings/admin_dashboard_screen.dart:57:79 • creation_with_non_type
  error • The name 'LoadingWidget' isn't a class • lib/views/settings/admin_dashboard_screen.dart:95:79 • creation_with_non_type
  error • The name 'LoadingWidget' isn't a class • lib/views/settings/admin_dashboard_screen.dart:140:79 • creation_with_non_type
  error • The name 'LoadingWidget' isn't a class • lib/views/settings/admin_dashboard_screen.dart:191:79 • creation_with_non_type
